// Jest Snapshot v1, https://goo.gl/fbAQLP

exports[`App Component should render correctly 1`] = `
<div
  className="App"
  data-testid="test-header"
>
  <div
    className="App-body"
  >
    <LoaderCards
      key="0"
    />
    <LoaderCards
      key="1"
    />
    <LoaderCards
      key="2"
    />
    <LoaderCards
      key="3"
    />
    <LoaderCards
      key="4"
    />
    <LoaderCards
      key="5"
    />
    <LoaderCards
      key="6"
    />
    <LoaderCards
      key="7"
    />
    <LoaderCards
      key="8"
    />
    <LoaderCards
      key="9"
    />
  </div>
</div>
`;
